Starting test...
All 5 clients connected.
Room created: 8CWMHL
All players joined.
Game started, wait for countdown/role reveal...
